/Users/aicommander/CascadeProjects/toolcalc/scripts/seo/.venv/lib/python3.9/site-packages/urllib3/__init__.py:35: NotOpenSSLWarning: urllib3 v2 only supports OpenSSL 1.1.1+, currently the 'ssl' module is compiled with 'LibreSSL 2.8.3'. See: https://github.com/urllib3/urllib3/issues/3020
  warnings.warn(
/Users/aicommander/CascadeProjects/toolcalc/scripts/seo/.venv/lib/python3.9/site-packages/urllib3/__init__.py:35: NotOpenSSLWarning: urllib3 v2 only supports OpenSSL 1.1.1+, currently the 'ssl' module is compiled with 'LibreSSL 2.8.3'. See: https://github.com/urllib3/urllib3/issues/3020
  warnings.warn(
2026-07-20 20:44:20,443 (__init__.py:1241 MainThread) ERROR - TeleBot: "Threaded polling exception: A request to the Telegram API was unsuccessful. Error code: 409. Description: Conflict: terminated by other getUpdates request; make sure that only one bot instance is running"
2026-07-20 20:44:20,947 (__init__.py:1243 MainThread) ERROR - TeleBot: "Exception traceback:
Traceback (most recent call last):
  File "/Users/aicommander/CascadeProjects/toolcalc/scripts/seo/.venv/lib/python3.9/site-packages/telebot/__init__.py", line 1234, in __threaded_polling
    polling_thread.raise_exceptions()
  File "/Users/aicommander/CascadeProjects/toolcalc/scripts/seo/.venv/lib/python3.9/site-packages/telebot/util.py", line 115, in raise_exceptions
    raise self.exception_info
  File "/Users/aicommander/CascadeProjects/toolcalc/scripts/seo/.venv/lib/python3.9/site-packages/telebot/util.py", line 97, in run
    task(*args, **kwargs)
  File "/Users/aicommander/CascadeProjects/toolcalc/scripts/seo/.venv/lib/python3.9/site-packages/telebot/__init__.py", line 688, in __retrieve_updates
    updates = self.get_updates(offset=(self.last_update_id + 1),
  File "/Users/aicommander/CascadeProjects/toolcalc/scripts/seo/.venv/lib/python3.9/site-packages/telebot/__init__.py", line 660, in get_updates
    json_updates = apihelper.get_updates(
  File "/Users/aicommander/CascadeProjects/toolcalc/scripts/seo/.venv/lib/python3.9/site-packages/telebot/apihelper.py", line 339, in get_updates
    return _make_request(token, method_url, params=payload)
  File "/Users/aicommander/CascadeProjects/toolcalc/scripts/seo/.venv/lib/python3.9/site-packages/telebot/apihelper.py", line 168, in _make_request
    json_result = _check_result(method_name, result)
  File "/Users/aicommander/CascadeProjects/toolcalc/scripts/seo/.venv/lib/python3.9/site-packages/telebot/apihelper.py", line 197, in _check_result
    raise ApiTelegramException(method_name, result, result_json)
telebot.apihelper.ApiTelegramException: A request to the Telegram API was unsuccessful. Error code: 409. Description: Conflict: terminated by other getUpdates request; make sure that only one bot instance is running
"
2026-07-20 20:44:25,494 (__init__.py:1241 MainThread) ERROR - TeleBot: "Threaded polling exception: A request to the Telegram API was unsuccessful. Error code: 409. Description: Conflict: terminated by other getUpdates request; make sure that only one bot instance is running"
2026-07-20 20:44:25,495 (__init__.py:1243 MainThread) ERROR - TeleBot: "Exception traceback:
Traceback (most recent call last):
  File "/Users/aicommander/CascadeProjects/toolcalc/scripts/seo/.venv/lib/python3.9/site-packages/telebot/__init__.py", line 1234, in __threaded_polling
    polling_thread.raise_exceptions()
  File "/Users/aicommander/CascadeProjects/toolcalc/scripts/seo/.venv/lib/python3.9/site-packages/telebot/util.py", line 115, in raise_exceptions
    raise self.exception_info
  File "/Users/aicommander/CascadeProjects/toolcalc/scripts/seo/.venv/lib/python3.9/site-packages/telebot/util.py", line 97, in run
    task(*args, **kwargs)
  File "/Users/aicommander/CascadeProjects/toolcalc/scripts/seo/.venv/lib/python3.9/site-packages/telebot/__init__.py", line 688, in __retrieve_updates
    updates = self.get_updates(offset=(self.last_update_id + 1),
  File "/Users/aicommander/CascadeProjects/toolcalc/scripts/seo/.venv/lib/python3.9/site-packages/telebot/__init__.py", line 660, in get_updates
    json_updates = apihelper.get_updates(
  File "/Users/aicommander/CascadeProjects/toolcalc/scripts/seo/.venv/lib/python3.9/site-packages/telebot/apihelper.py", line 339, in get_updates
    return _make_request(token, method_url, params=payload)
  File "/Users/aicommander/CascadeProjects/toolcalc/scripts/seo/.venv/lib/python3.9/site-packages/telebot/apihelper.py", line 168, in _make_request
    json_result = _check_result(method_name, result)
  File "/Users/aicommander/CascadeProjects/toolcalc/scripts/seo/.venv/lib/python3.9/site-packages/telebot/apihelper.py", line 197, in _check_result
    raise ApiTelegramException(method_name, result, result_json)
telebot.apihelper.ApiTelegramException: A request to the Telegram API was unsuccessful. Error code: 409. Description: Conflict: terminated by other getUpdates request; make sure that only one bot instance is running
"
2026-07-20 20:44:30,915 (__init__.py:1241 MainThread) ERROR - TeleBot: "Threaded polling exception: A request to the Telegram API was unsuccessful. Error code: 409. Description: Conflict: terminated by other getUpdates request; make sure that only one bot instance is running"
2026-07-20 20:44:31,354 (__init__.py:1243 MainThread) ERROR - TeleBot: "Exception traceback:
Traceback (most recent call last):
  File "/Users/aicommander/CascadeProjects/toolcalc/scripts/seo/.venv/lib/python3.9/site-packages/telebot/__init__.py", line 1234, in __threaded_polling
    polling_thread.raise_exceptions()
  File "/Users/aicommander/CascadeProjects/toolcalc/scripts/seo/.venv/lib/python3.9/site-packages/telebot/util.py", line 115, in raise_exceptions
    raise self.exception_info
  File "/Users/aicommander/CascadeProjects/toolcalc/scripts/seo/.venv/lib/python3.9/site-packages/telebot/util.py", line 97, in run
    task(*args, **kwargs)
  File "/Users/aicommander/CascadeProjects/toolcalc/scripts/seo/.venv/lib/python3.9/site-packages/telebot/__init__.py", line 688, in __retrieve_updates
    updates = self.get_updates(offset=(self.last_update_id + 1),
  File "/Users/aicommander/CascadeProjects/toolcalc/scripts/seo/.venv/lib/python3.9/site-packages/telebot/__init__.py", line 660, in get_updates
    json_updates = apihelper.get_updates(
  File "/Users/aicommander/CascadeProjects/toolcalc/scripts/seo/.venv/lib/python3.9/site-packages/telebot/apihelper.py", line 339, in get_updates
    return _make_request(token, method_url, params=payload)
  File "/Users/aicommander/CascadeProjects/toolcalc/scripts/seo/.venv/lib/python3.9/site-packages/telebot/apihelper.py", line 168, in _make_request
    json_result = _check_result(method_name, result)
  File "/Users/aicommander/CascadeProjects/toolcalc/scripts/seo/.venv/lib/python3.9/site-packages/telebot/apihelper.py", line 197, in _check_result
    raise ApiTelegramException(method_name, result, result_json)
telebot.apihelper.ApiTelegramException: A request to the Telegram API was unsuccessful. Error code: 409. Description: Conflict: terminated by other getUpdates request; make sure that only one bot instance is running
"
2026-07-20 20:44:37,265 (__init__.py:1241 MainThread) ERROR - TeleBot: "Threaded polling exception: A request to the Telegram API was unsuccessful. Error code: 409. Description: Conflict: terminated by other getUpdates request; make sure that only one bot instance is running"
2026-07-20 20:44:37,302 (__init__.py:1243 MainThread) ERROR - TeleBot: "Exception traceback:
Traceback (most recent call last):
  File "/Users/aicommander/CascadeProjects/toolcalc/scripts/seo/.venv/lib/python3.9/site-packages/telebot/__init__.py", line 1234, in __threaded_polling
    polling_thread.raise_exceptions()
  File "/Users/aicommander/CascadeProjects/toolcalc/scripts/seo/.venv/lib/python3.9/site-packages/telebot/util.py", line 115, in raise_exceptions
    raise self.exception_info
  File "/Users/aicommander/CascadeProjects/toolcalc/scripts/seo/.venv/lib/python3.9/site-packages/telebot/util.py", line 97, in run
    task(*args, **kwargs)
  File "/Users/aicommander/CascadeProjects/toolcalc/scripts/seo/.venv/lib/python3.9/site-packages/telebot/__init__.py", line 688, in __retrieve_updates
    updates = self.get_updates(offset=(self.last_update_id + 1),
  File "/Users/aicommander/CascadeProjects/toolcalc/scripts/seo/.venv/lib/python3.9/site-packages/telebot/__init__.py", line 660, in get_updates
    json_updates = apihelper.get_updates(
  File "/Users/aicommander/CascadeProjects/toolcalc/scripts/seo/.venv/lib/python3.9/site-packages/telebot/apihelper.py", line 339, in get_updates
    return _make_request(token, method_url, params=payload)
  File "/Users/aicommander/CascadeProjects/toolcalc/scripts/seo/.venv/lib/python3.9/site-packages/telebot/apihelper.py", line 168, in _make_request
    json_result = _check_result(method_name, result)
  File "/Users/aicommander/CascadeProjects/toolcalc/scripts/seo/.venv/lib/python3.9/site-packages/telebot/apihelper.py", line 197, in _check_result
    raise ApiTelegramException(method_name, result, result_json)
telebot.apihelper.ApiTelegramException: A request to the Telegram API was unsuccessful. Error code: 409. Description: Conflict: terminated by other getUpdates request; make sure that only one bot instance is running
"
2026-07-20 20:44:45,113 (__init__.py:1241 MainThread) ERROR - TeleBot: "Threaded polling exception: A request to the Telegram API was unsuccessful. Error code: 409. Description: Conflict: terminated by other getUpdates request; make sure that only one bot instance is running"
2026-07-20 20:44:45,124 (__init__.py:1243 MainThread) ERROR - TeleBot: "Exception traceback:
Traceback (most recent call last):
  File "/Users/aicommander/CascadeProjects/toolcalc/scripts/seo/.venv/lib/python3.9/site-packages/telebot/__init__.py", line 1234, in __threaded_polling
    polling_thread.raise_exceptions()
  File "/Users/aicommander/CascadeProjects/toolcalc/scripts/seo/.venv/lib/python3.9/site-packages/telebot/util.py", line 115, in raise_exceptions
    raise self.exception_info
  File "/Users/aicommander/CascadeProjects/toolcalc/scripts/seo/.venv/lib/python3.9/site-packages/telebot/util.py", line 97, in run
    task(*args, **kwargs)
  File "/Users/aicommander/CascadeProjects/toolcalc/scripts/seo/.venv/lib/python3.9/site-packages/telebot/__init__.py", line 688, in __retrieve_updates
    updates = self.get_updates(offset=(self.last_update_id + 1),
  File "/Users/aicommander/CascadeProjects/toolcalc/scripts/seo/.venv/lib/python3.9/site-packages/telebot/__init__.py", line 660, in get_updates
    json_updates = apihelper.get_updates(
  File "/Users/aicommander/CascadeProjects/toolcalc/scripts/seo/.venv/lib/python3.9/site-packages/telebot/apihelper.py", line 339, in get_updates
    return _make_request(token, method_url, params=payload)
  File "/Users/aicommander/CascadeProjects/toolcalc/scripts/seo/.venv/lib/python3.9/site-packages/telebot/apihelper.py", line 168, in _make_request
    json_result = _check_result(method_name, result)
  File "/Users/aicommander/CascadeProjects/toolcalc/scripts/seo/.venv/lib/python3.9/site-packages/telebot/apihelper.py", line 197, in _check_result
    raise ApiTelegramException(method_name, result, result_json)
telebot.apihelper.ApiTelegramException: A request to the Telegram API was unsuccessful. Error code: 409. Description: Conflict: terminated by other getUpdates request; make sure that only one bot instance is running
"
2026-07-20 20:44:53,914 (__init__.py:1241 MainThread) ERROR - TeleBot: "Threaded polling exception: A request to the Telegram API was unsuccessful. Error code: 409. Description: Conflict: terminated by other getUpdates request; make sure that only one bot instance is running"
2026-07-20 20:44:53,914 (__init__.py:1243 MainThread) ERROR - TeleBot: "Exception traceback:
Traceback (most recent call last):
  File "/Users/aicommander/CascadeProjects/toolcalc/scripts/seo/.venv/lib/python3.9/site-packages/telebot/__init__.py", line 1234, in __threaded_polling
    polling_thread.raise_exceptions()
  File "/Users/aicommander/CascadeProjects/toolcalc/scripts/seo/.venv/lib/python3.9/site-packages/telebot/util.py", line 115, in raise_exceptions
    raise self.exception_info
  File "/Users/aicommander/CascadeProjects/toolcalc/scripts/seo/.venv/lib/python3.9/site-packages/telebot/util.py", line 97, in run
    task(*args, **kwargs)
  File "/Users/aicommander/CascadeProjects/toolcalc/scripts/seo/.venv/lib/python3.9/site-packages/telebot/__init__.py", line 688, in __retrieve_updates
    updates = self.get_updates(offset=(self.last_update_id + 1),
  File "/Users/aicommander/CascadeProjects/toolcalc/scripts/seo/.venv/lib/python3.9/site-packages/telebot/__init__.py", line 660, in get_updates
    json_updates = apihelper.get_updates(
  File "/Users/aicommander/CascadeProjects/toolcalc/scripts/seo/.venv/lib/python3.9/site-packages/telebot/apihelper.py", line 339, in get_updates
    return _make_request(token, method_url, params=payload)
  File "/Users/aicommander/CascadeProjects/toolcalc/scripts/seo/.venv/lib/python3.9/site-packages/telebot/apihelper.py", line 168, in _make_request
    json_result = _check_result(method_name, result)
  File "/Users/aicommander/CascadeProjects/toolcalc/scripts/seo/.venv/lib/python3.9/site-packages/telebot/apihelper.py", line 197, in _check_result
    raise ApiTelegramException(method_name, result, result_json)
telebot.apihelper.ApiTelegramException: A request to the Telegram API was unsuccessful. Error code: 409. Description: Conflict: terminated by other getUpdates request; make sure that only one bot instance is running
"
2026-07-20 20:45:10,631 (__init__.py:1241 MainThread) ERROR - TeleBot: "Threaded polling exception: A request to the Telegram API was unsuccessful. Error code: 409. Description: Conflict: terminated by other getUpdates request; make sure that only one bot instance is running"
2026-07-20 20:45:10,661 (__init__.py:1243 MainThread) ERROR - TeleBot: "Exception traceback:
Traceback (most recent call last):
  File "/Users/aicommander/CascadeProjects/toolcalc/scripts/seo/.venv/lib/python3.9/site-packages/telebot/__init__.py", line 1234, in __threaded_polling
    polling_thread.raise_exceptions()
  File "/Users/aicommander/CascadeProjects/toolcalc/scripts/seo/.venv/lib/python3.9/site-packages/telebot/util.py", line 115, in raise_exceptions
    raise self.exception_info
  File "/Users/aicommander/CascadeProjects/toolcalc/scripts/seo/.venv/lib/python3.9/site-packages/telebot/util.py", line 97, in run
    task(*args, **kwargs)
  File "/Users/aicommander/CascadeProjects/toolcalc/scripts/seo/.venv/lib/python3.9/site-packages/telebot/__init__.py", line 688, in __retrieve_updates
    updates = self.get_updates(offset=(self.last_update_id + 1),
  File "/Users/aicommander/CascadeProjects/toolcalc/scripts/seo/.venv/lib/python3.9/site-packages/telebot/__init__.py", line 660, in get_updates
    json_updates = apihelper.get_updates(
  File "/Users/aicommander/CascadeProjects/toolcalc/scripts/seo/.venv/lib/python3.9/site-packages/telebot/apihelper.py", line 339, in get_updates
    return _make_request(token, method_url, params=payload)
  File "/Users/aicommander/CascadeProjects/toolcalc/scripts/seo/.venv/lib/python3.9/site-packages/telebot/apihelper.py", line 168, in _make_request
    json_result = _check_result(method_name, result)
  File "/Users/aicommander/CascadeProjects/toolcalc/scripts/seo/.venv/lib/python3.9/site-packages/telebot/apihelper.py", line 197, in _check_result
    raise ApiTelegramException(method_name, result, result_json)
telebot.apihelper.ApiTelegramException: A request to the Telegram API was unsuccessful. Error code: 409. Description: Conflict: terminated by other getUpdates request; make sure that only one bot instance is running
"
2026-07-20 20:45:43,108 (__init__.py:1241 MainThread) ERROR - TeleBot: "Threaded polling exception: A request to the Telegram API was unsuccessful. Error code: 409. Description: Conflict: terminated by other getUpdates request; make sure that only one bot instance is running"
2026-07-20 20:45:43,110 (__init__.py:1243 MainThread) ERROR - TeleBot: "Exception traceback:
Traceback (most recent call last):
  File "/Users/aicommander/CascadeProjects/toolcalc/scripts/seo/.venv/lib/python3.9/site-packages/telebot/__init__.py", line 1234, in __threaded_polling
    polling_thread.raise_exceptions()
  File "/Users/aicommander/CascadeProjects/toolcalc/scripts/seo/.venv/lib/python3.9/site-packages/telebot/util.py", line 115, in raise_exceptions
    raise self.exception_info
  File "/Users/aicommander/CascadeProjects/toolcalc/scripts/seo/.venv/lib/python3.9/site-packages/telebot/util.py", line 97, in run
    task(*args, **kwargs)
  File "/Users/aicommander/CascadeProjects/toolcalc/scripts/seo/.venv/lib/python3.9/site-packages/telebot/__init__.py", line 688, in __retrieve_updates
    updates = self.get_updates(offset=(self.last_update_id + 1),
  File "/Users/aicommander/CascadeProjects/toolcalc/scripts/seo/.venv/lib/python3.9/site-packages/telebot/__init__.py", line 660, in get_updates
    json_updates = apihelper.get_updates(
  File "/Users/aicommander/CascadeProjects/toolcalc/scripts/seo/.venv/lib/python3.9/site-packages/telebot/apihelper.py", line 339, in get_updates
    return _make_request(token, method_url, params=payload)
  File "/Users/aicommander/CascadeProjects/toolcalc/scripts/seo/.venv/lib/python3.9/site-packages/telebot/apihelper.py", line 168, in _make_request
    json_result = _check_result(method_name, result)
  File "/Users/aicommander/CascadeProjects/toolcalc/scripts/seo/.venv/lib/python3.9/site-packages/telebot/apihelper.py", line 197, in _check_result
    raise ApiTelegramException(method_name, result, result_json)
telebot.apihelper.ApiTelegramException: A request to the Telegram API was unsuccessful. Error code: 409. Description: Conflict: terminated by other getUpdates request; make sure that only one bot instance is running
"
2026-07-20 20:46:18,964 (__init__.py:1241 MainThread) ERROR - TeleBot: "Threaded polling exception: A request to the Telegram API was unsuccessful. Error code: 409. Description: Conflict: terminated by other getUpdates request; make sure that only one bot instance is running"
2026-07-20 20:46:18,965 (__init__.py:1243 MainThread) ERROR - TeleBot: "Exception traceback:
Traceback (most recent call last):
  File "/Users/aicommander/CascadeProjects/toolcalc/scripts/seo/.venv/lib/python3.9/site-packages/telebot/__init__.py", line 1234, in __threaded_polling
    polling_thread.raise_exceptions()
  File "/Users/aicommander/CascadeProjects/toolcalc/scripts/seo/.venv/lib/python3.9/site-packages/telebot/util.py", line 115, in raise_exceptions
    raise self.exception_info
  File "/Users/aicommander/CascadeProjects/toolcalc/scripts/seo/.venv/lib/python3.9/site-packages/telebot/util.py", line 97, in run
    task(*args, **kwargs)
  File "/Users/aicommander/CascadeProjects/toolcalc/scripts/seo/.venv/lib/python3.9/site-packages/telebot/__init__.py", line 688, in __retrieve_updates
    updates = self.get_updates(offset=(self.last_update_id + 1),
  File "/Users/aicommander/CascadeProjects/toolcalc/scripts/seo/.venv/lib/python3.9/site-packages/telebot/__init__.py", line 660, in get_updates
    json_updates = apihelper.get_updates(
  File "/Users/aicommander/CascadeProjects/toolcalc/scripts/seo/.venv/lib/python3.9/site-packages/telebot/apihelper.py", line 339, in get_updates
    return _make_request(token, method_url, params=payload)
  File "/Users/aicommander/CascadeProjects/toolcalc/scripts/seo/.venv/lib/python3.9/site-packages/telebot/apihelper.py", line 168, in _make_request
    json_result = _check_result(method_name, result)
  File "/Users/aicommander/CascadeProjects/toolcalc/scripts/seo/.venv/lib/python3.9/site-packages/telebot/apihelper.py", line 197, in _check_result
    raise ApiTelegramException(method_name, result, result_json)
telebot.apihelper.ApiTelegramException: A request to the Telegram API was unsuccessful. Error code: 409. Description: Conflict: terminated by other getUpdates request; make sure that only one bot instance is running
"
2026-07-20 20:47:22,739 (__init__.py:1241 MainThread) ERROR - TeleBot: "Threaded polling exception: A request to the Telegram API was unsuccessful. Error code: 409. Description: Conflict: terminated by other getUpdates request; make sure that only one bot instance is running"
2026-07-20 20:47:22,740 (__init__.py:1243 MainThread) ERROR - TeleBot: "Exception traceback:
Traceback (most recent call last):
  File "/Users/aicommander/CascadeProjects/toolcalc/scripts/seo/.venv/lib/python3.9/site-packages/telebot/__init__.py", line 1234, in __threaded_polling
    polling_thread.raise_exceptions()
  File "/Users/aicommander/CascadeProjects/toolcalc/scripts/seo/.venv/lib/python3.9/site-packages/telebot/util.py", line 115, in raise_exceptions
    raise self.exception_info
  File "/Users/aicommander/CascadeProjects/toolcalc/scripts/seo/.venv/lib/python3.9/site-packages/telebot/util.py", line 97, in run
    task(*args, **kwargs)
  File "/Users/aicommander/CascadeProjects/toolcalc/scripts/seo/.venv/lib/python3.9/site-packages/telebot/__init__.py", line 688, in __retrieve_updates
    updates = self.get_updates(offset=(self.last_update_id + 1),
  File "/Users/aicommander/CascadeProjects/toolcalc/scripts/seo/.venv/lib/python3.9/site-packages/telebot/__init__.py", line 660, in get_updates
    json_updates = apihelper.get_updates(
  File "/Users/aicommander/CascadeProjects/toolcalc/scripts/seo/.venv/lib/python3.9/site-packages/telebot/apihelper.py", line 339, in get_updates
    return _make_request(token, method_url, params=payload)
  File "/Users/aicommander/CascadeProjects/toolcalc/scripts/seo/.venv/lib/python3.9/site-packages/telebot/apihelper.py", line 168, in _make_request
    json_result = _check_result(method_name, result)
  File "/Users/aicommander/CascadeProjects/toolcalc/scripts/seo/.venv/lib/python3.9/site-packages/telebot/apihelper.py", line 197, in _check_result
    raise ApiTelegramException(method_name, result, result_json)
telebot.apihelper.ApiTelegramException: A request to the Telegram API was unsuccessful. Error code: 409. Description: Conflict: terminated by other getUpdates request; make sure that only one bot instance is running
"
2026-07-20 20:48:26,540 (__init__.py:1241 MainThread) ERROR - TeleBot: "Threaded polling exception: A request to the Telegram API was unsuccessful. Error code: 409. Description: Conflict: terminated by other getUpdates request; make sure that only one bot instance is running"
2026-07-20 20:48:26,554 (__init__.py:1243 MainThread) ERROR - TeleBot: "Exception traceback:
Traceback (most recent call last):
  File "/Users/aicommander/CascadeProjects/toolcalc/scripts/seo/.venv/lib/python3.9/site-packages/telebot/__init__.py", line 1234, in __threaded_polling
    polling_thread.raise_exceptions()
  File "/Users/aicommander/CascadeProjects/toolcalc/scripts/seo/.venv/lib/python3.9/site-packages/telebot/util.py", line 115, in raise_exceptions
    raise self.exception_info
  File "/Users/aicommander/CascadeProjects/toolcalc/scripts/seo/.venv/lib/python3.9/site-packages/telebot/util.py", line 97, in run
    task(*args, **kwargs)
  File "/Users/aicommander/CascadeProjects/toolcalc/scripts/seo/.venv/lib/python3.9/site-packages/telebot/__init__.py", line 688, in __retrieve_updates
    updates = self.get_updates(offset=(self.last_update_id + 1),
  File "/Users/aicommander/CascadeProjects/toolcalc/scripts/seo/.venv/lib/python3.9/site-packages/telebot/__init__.py", line 660, in get_updates
    json_updates = apihelper.get_updates(
  File "/Users/aicommander/CascadeProjects/toolcalc/scripts/seo/.venv/lib/python3.9/site-packages/telebot/apihelper.py", line 339, in get_updates
    return _make_request(token, method_url, params=payload)
  File "/Users/aicommander/CascadeProjects/toolcalc/scripts/seo/.venv/lib/python3.9/site-packages/telebot/apihelper.py", line 168, in _make_request
    json_result = _check_result(method_name, result)
  File "/Users/aicommander/CascadeProjects/toolcalc/scripts/seo/.venv/lib/python3.9/site-packages/telebot/apihelper.py", line 197, in _check_result
    raise ApiTelegramException(method_name, result, result_json)
telebot.apihelper.ApiTelegramException: A request to the Telegram API was unsuccessful. Error code: 409. Description: Conflict: terminated by other getUpdates request; make sure that only one bot instance is running
"
2026-07-20 20:49:30,359 (__init__.py:1241 MainThread) ERROR - TeleBot: "Threaded polling exception: A request to the Telegram API was unsuccessful. Error code: 409. Description: Conflict: terminated by other getUpdates request; make sure that only one bot instance is running"
2026-07-20 20:49:30,360 (__init__.py:1243 MainThread) ERROR - TeleBot: "Exception traceback:
Traceback (most recent call last):
  File "/Users/aicommander/CascadeProjects/toolcalc/scripts/seo/.venv/lib/python3.9/site-packages/telebot/__init__.py", line 1234, in __threaded_polling
    polling_thread.raise_exceptions()
  File "/Users/aicommander/CascadeProjects/toolcalc/scripts/seo/.venv/lib/python3.9/site-packages/telebot/util.py", line 115, in raise_exceptions
    raise self.exception_info
  File "/Users/aicommander/CascadeProjects/toolcalc/scripts/seo/.venv/lib/python3.9/site-packages/telebot/util.py", line 97, in run
    task(*args, **kwargs)
  File "/Users/aicommander/CascadeProjects/toolcalc/scripts/seo/.venv/lib/python3.9/site-packages/telebot/__init__.py", line 688, in __retrieve_updates
    updates = self.get_updates(offset=(self.last_update_id + 1),
  File "/Users/aicommander/CascadeProjects/toolcalc/scripts/seo/.venv/lib/python3.9/site-packages/telebot/__init__.py", line 660, in get_updates
    json_updates = apihelper.get_updates(
  File "/Users/aicommander/CascadeProjects/toolcalc/scripts/seo/.venv/lib/python3.9/site-packages/telebot/apihelper.py", line 339, in get_updates
    return _make_request(token, method_url, params=payload)
  File "/Users/aicommander/CascadeProjects/toolcalc/scripts/seo/.venv/lib/python3.9/site-packages/telebot/apihelper.py", line 168, in _make_request
    json_result = _check_result(method_name, result)
  File "/Users/aicommander/CascadeProjects/toolcalc/scripts/seo/.venv/lib/python3.9/site-packages/telebot/apihelper.py", line 197, in _check_result
    raise ApiTelegramException(method_name, result, result_json)
telebot.apihelper.ApiTelegramException: A request to the Telegram API was unsuccessful. Error code: 409. Description: Conflict: terminated by other getUpdates request; make sure that only one bot instance is running
"
2026-07-20 20:50:34,120 (__init__.py:1241 MainThread) ERROR - TeleBot: "Threaded polling exception: A request to the Telegram API was unsuccessful. Error code: 409. Description: Conflict: terminated by other getUpdates request; make sure that only one bot instance is running"
2026-07-20 20:50:34,121 (__init__.py:1243 MainThread) ERROR - TeleBot: "Exception traceback:
Traceback (most recent call last):
  File "/Users/aicommander/CascadeProjects/toolcalc/scripts/seo/.venv/lib/python3.9/site-packages/telebot/__init__.py", line 1234, in __threaded_polling
    polling_thread.raise_exceptions()
  File "/Users/aicommander/CascadeProjects/toolcalc/scripts/seo/.venv/lib/python3.9/site-packages/telebot/util.py", line 115, in raise_exceptions
    raise self.exception_info
  File "/Users/aicommander/CascadeProjects/toolcalc/scripts/seo/.venv/lib/python3.9/site-packages/telebot/util.py", line 97, in run
    task(*args, **kwargs)
  File "/Users/aicommander/CascadeProjects/toolcalc/scripts/seo/.venv/lib/python3.9/site-packages/telebot/__init__.py", line 688, in __retrieve_updates
    updates = self.get_updates(offset=(self.last_update_id + 1),
  File "/Users/aicommander/CascadeProjects/toolcalc/scripts/seo/.venv/lib/python3.9/site-packages/telebot/__init__.py", line 660, in get_updates
    json_updates = apihelper.get_updates(
  File "/Users/aicommander/CascadeProjects/toolcalc/scripts/seo/.venv/lib/python3.9/site-packages/telebot/apihelper.py", line 339, in get_updates
    return _make_request(token, method_url, params=payload)
  File "/Users/aicommander/CascadeProjects/toolcalc/scripts/seo/.venv/lib/python3.9/site-packages/telebot/apihelper.py", line 168, in _make_request
    json_result = _check_result(method_name, result)
  File "/Users/aicommander/CascadeProjects/toolcalc/scripts/seo/.venv/lib/python3.9/site-packages/telebot/apihelper.py", line 197, in _check_result
    raise ApiTelegramException(method_name, result, result_json)
telebot.apihelper.ApiTelegramException: A request to the Telegram API was unsuccessful. Error code: 409. Description: Conflict: terminated by other getUpdates request; make sure that only one bot instance is running
"
2026-07-20 20:51:37,888 (__init__.py:1241 MainThread) ERROR - TeleBot: "Threaded polling exception: A request to the Telegram API was unsuccessful. Error code: 409. Description: Conflict: terminated by other getUpdates request; make sure that only one bot instance is running"
2026-07-20 20:51:37,889 (__init__.py:1243 MainThread) ERROR - TeleBot: "Exception traceback:
Traceback (most recent call last):
  File "/Users/aicommander/CascadeProjects/toolcalc/scripts/seo/.venv/lib/python3.9/site-packages/telebot/__init__.py", line 1234, in __threaded_polling
    polling_thread.raise_exceptions()
  File "/Users/aicommander/CascadeProjects/toolcalc/scripts/seo/.venv/lib/python3.9/site-packages/telebot/util.py", line 115, in raise_exceptions
    raise self.exception_info
  File "/Users/aicommander/CascadeProjects/toolcalc/scripts/seo/.venv/lib/python3.9/site-packages/telebot/util.py", line 97, in run
    task(*args, **kwargs)
  File "/Users/aicommander/CascadeProjects/toolcalc/scripts/seo/.venv/lib/python3.9/site-packages/telebot/__init__.py", line 688, in __retrieve_updates
    updates = self.get_updates(offset=(self.last_update_id + 1),
  File "/Users/aicommander/CascadeProjects/toolcalc/scripts/seo/.venv/lib/python3.9/site-packages/telebot/__init__.py", line 660, in get_updates
    json_updates = apihelper.get_updates(
  File "/Users/aicommander/CascadeProjects/toolcalc/scripts/seo/.venv/lib/python3.9/site-packages/telebot/apihelper.py", line 339, in get_updates
    return _make_request(token, method_url, params=payload)
  File "/Users/aicommander/CascadeProjects/toolcalc/scripts/seo/.venv/lib/python3.9/site-packages/telebot/apihelper.py", line 168, in _make_request
    json_result = _check_result(method_name, result)
  File "/Users/aicommander/CascadeProjects/toolcalc/scripts/seo/.venv/lib/python3.9/site-packages/telebot/apihelper.py", line 197, in _check_result
    raise ApiTelegramException(method_name, result, result_json)
telebot.apihelper.ApiTelegramException: A request to the Telegram API was unsuccessful. Error code: 409. Description: Conflict: terminated by other getUpdates request; make sure that only one bot instance is running
"
2026-07-20 20:52:41,633 (__init__.py:1241 MainThread) ERROR - TeleBot: "Threaded polling exception: A request to the Telegram API was unsuccessful. Error code: 409. Description: Conflict: terminated by other getUpdates request; make sure that only one bot instance is running"
2026-07-20 20:52:41,635 (__init__.py:1243 MainThread) ERROR - TeleBot: "Exception traceback:
Traceback (most recent call last):
  File "/Users/aicommander/CascadeProjects/toolcalc/scripts/seo/.venv/lib/python3.9/site-packages/telebot/__init__.py", line 1234, in __threaded_polling
    polling_thread.raise_exceptions()
  File "/Users/aicommander/CascadeProjects/toolcalc/scripts/seo/.venv/lib/python3.9/site-packages/telebot/util.py", line 115, in raise_exceptions
    raise self.exception_info
  File "/Users/aicommander/CascadeProjects/toolcalc/scripts/seo/.venv/lib/python3.9/site-packages/telebot/util.py", line 97, in run
    task(*args, **kwargs)
  File "/Users/aicommander/CascadeProjects/toolcalc/scripts/seo/.venv/lib/python3.9/site-packages/telebot/__init__.py", line 688, in __retrieve_updates
    updates = self.get_updates(offset=(self.last_update_id + 1),
  File "/Users/aicommander/CascadeProjects/toolcalc/scripts/seo/.venv/lib/python3.9/site-packages/telebot/__init__.py", line 660, in get_updates
    json_updates = apihelper.get_updates(
  File "/Users/aicommander/CascadeProjects/toolcalc/scripts/seo/.venv/lib/python3.9/site-packages/telebot/apihelper.py", line 339, in get_updates
    return _make_request(token, method_url, params=payload)
  File "/Users/aicommander/CascadeProjects/toolcalc/scripts/seo/.venv/lib/python3.9/site-packages/telebot/apihelper.py", line 168, in _make_request
    json_result = _check_result(method_name, result)
  File "/Users/aicommander/CascadeProjects/toolcalc/scripts/seo/.venv/lib/python3.9/site-packages/telebot/apihelper.py", line 197, in _check_result
    raise ApiTelegramException(method_name, result, result_json)
telebot.apihelper.ApiTelegramException: A request to the Telegram API was unsuccessful. Error code: 409. Description: Conflict: terminated by other getUpdates request; make sure that only one bot instance is running
"
2026-07-20 20:53:45,378 (__init__.py:1241 MainThread) ERROR - TeleBot: "Threaded polling exception: A request to the Telegram API was unsuccessful. Error code: 409. Description: Conflict: terminated by other getUpdates request; make sure that only one bot instance is running"
2026-07-20 20:53:45,380 (__init__.py:1243 MainThread) ERROR - TeleBot: "Exception traceback:
Traceback (most recent call last):
  File "/Users/aicommander/CascadeProjects/toolcalc/scripts/seo/.venv/lib/python3.9/site-packages/telebot/__init__.py", line 1234, in __threaded_polling
    polling_thread.raise_exceptions()
  File "/Users/aicommander/CascadeProjects/toolcalc/scripts/seo/.venv/lib/python3.9/site-packages/telebot/util.py", line 115, in raise_exceptions
    raise self.exception_info
  File "/Users/aicommander/CascadeProjects/toolcalc/scripts/seo/.venv/lib/python3.9/site-packages/telebot/util.py", line 97, in run
    task(*args, **kwargs)
  File "/Users/aicommander/CascadeProjects/toolcalc/scripts/seo/.venv/lib/python3.9/site-packages/telebot/__init__.py", line 688, in __retrieve_updates
    updates = self.get_updates(offset=(self.last_update_id + 1),
  File "/Users/aicommander/CascadeProjects/toolcalc/scripts/seo/.venv/lib/python3.9/site-packages/telebot/__init__.py", line 660, in get_updates
    json_updates = apihelper.get_updates(
  File "/Users/aicommander/CascadeProjects/toolcalc/scripts/seo/.venv/lib/python3.9/site-packages/telebot/apihelper.py", line 339, in get_updates
    return _make_request(token, method_url, params=payload)
  File "/Users/aicommander/CascadeProjects/toolcalc/scripts/seo/.venv/lib/python3.9/site-packages/telebot/apihelper.py", line 168, in _make_request
    json_result = _check_result(method_name, result)
  File "/Users/aicommander/CascadeProjects/toolcalc/scripts/seo/.venv/lib/python3.9/site-packages/telebot/apihelper.py", line 197, in _check_result
    raise ApiTelegramException(method_name, result, result_json)
telebot.apihelper.ApiTelegramException: A request to the Telegram API was unsuccessful. Error code: 409. Description: Conflict: terminated by other getUpdates request; make sure that only one bot instance is running
"
2026-07-20 20:54:49,818 (__init__.py:1241 MainThread) ERROR - TeleBot: "Threaded polling exception: A request to the Telegram API was unsuccessful. Error code: 409. Description: Conflict: terminated by other getUpdates request; make sure that only one bot instance is running"
2026-07-20 20:54:49,818 (__init__.py:1243 MainThread) ERROR - TeleBot: "Exception traceback:
Traceback (most recent call last):
  File "/Users/aicommander/CascadeProjects/toolcalc/scripts/seo/.venv/lib/python3.9/site-packages/telebot/__init__.py", line 1234, in __threaded_polling
    polling_thread.raise_exceptions()
  File "/Users/aicommander/CascadeProjects/toolcalc/scripts/seo/.venv/lib/python3.9/site-packages/telebot/util.py", line 115, in raise_exceptions
    raise self.exception_info
  File "/Users/aicommander/CascadeProjects/toolcalc/scripts/seo/.venv/lib/python3.9/site-packages/telebot/util.py", line 97, in run
    task(*args, **kwargs)
  File "/Users/aicommander/CascadeProjects/toolcalc/scripts/seo/.venv/lib/python3.9/site-packages/telebot/__init__.py", line 688, in __retrieve_updates
    updates = self.get_updates(offset=(self.last_update_id + 1),
  File "/Users/aicommander/CascadeProjects/toolcalc/scripts/seo/.venv/lib/python3.9/site-packages/telebot/__init__.py", line 660, in get_updates
    json_updates = apihelper.get_updates(
  File "/Users/aicommander/CascadeProjects/toolcalc/scripts/seo/.venv/lib/python3.9/site-packages/telebot/apihelper.py", line 339, in get_updates
    return _make_request(token, method_url, params=payload)
  File "/Users/aicommander/CascadeProjects/toolcalc/scripts/seo/.venv/lib/python3.9/site-packages/telebot/apihelper.py", line 168, in _make_request
    json_result = _check_result(method_name, result)
  File "/Users/aicommander/CascadeProjects/toolcalc/scripts/seo/.venv/lib/python3.9/site-packages/telebot/apihelper.py", line 197, in _check_result
    raise ApiTelegramException(method_name, result, result_json)
telebot.apihelper.ApiTelegramException: A request to the Telegram API was unsuccessful. Error code: 409. Description: Conflict: terminated by other getUpdates request; make sure that only one bot instance is running
"
2026-07-20 20:55:53,591 (__init__.py:1241 MainThread) ERROR - TeleBot: "Threaded polling exception: A request to the Telegram API was unsuccessful. Error code: 409. Description: Conflict: terminated by other getUpdates request; make sure that only one bot instance is running"
2026-07-20 20:55:53,592 (__init__.py:1243 MainThread) ERROR - TeleBot: "Exception traceback:
Traceback (most recent call last):
  File "/Users/aicommander/CascadeProjects/toolcalc/scripts/seo/.venv/lib/python3.9/site-packages/telebot/__init__.py", line 1234, in __threaded_polling
    polling_thread.raise_exceptions()
  File "/Users/aicommander/CascadeProjects/toolcalc/scripts/seo/.venv/lib/python3.9/site-packages/telebot/util.py", line 115, in raise_exceptions
    raise self.exception_info
  File "/Users/aicommander/CascadeProjects/toolcalc/scripts/seo/.venv/lib/python3.9/site-packages/telebot/util.py", line 97, in run
    task(*args, **kwargs)
  File "/Users/aicommander/CascadeProjects/toolcalc/scripts/seo/.venv/lib/python3.9/site-packages/telebot/__init__.py", line 688, in __retrieve_updates
    updates = self.get_updates(offset=(self.last_update_id + 1),
  File "/Users/aicommander/CascadeProjects/toolcalc/scripts/seo/.venv/lib/python3.9/site-packages/telebot/__init__.py", line 660, in get_updates
    json_updates = apihelper.get_updates(
  File "/Users/aicommander/CascadeProjects/toolcalc/scripts/seo/.venv/lib/python3.9/site-packages/telebot/apihelper.py", line 339, in get_updates
    return _make_request(token, method_url, params=payload)
  File "/Users/aicommander/CascadeProjects/toolcalc/scripts/seo/.venv/lib/python3.9/site-packages/telebot/apihelper.py", line 168, in _make_request
    json_result = _check_result(method_name, result)
  File "/Users/aicommander/CascadeProjects/toolcalc/scripts/seo/.venv/lib/python3.9/site-packages/telebot/apihelper.py", line 197, in _check_result
    raise ApiTelegramException(method_name, result, result_json)
telebot.apihelper.ApiTelegramException: A request to the Telegram API was unsuccessful. Error code: 409. Description: Conflict: terminated by other getUpdates request; make sure that only one bot instance is running
"
2026-07-20 20:56:57,369 (__init__.py:1241 MainThread) ERROR - TeleBot: "Threaded polling exception: A request to the Telegram API was unsuccessful. Error code: 409. Description: Conflict: terminated by other getUpdates request; make sure that only one bot instance is running"
2026-07-20 20:56:57,370 (__init__.py:1243 MainThread) ERROR - TeleBot: "Exception traceback:
Traceback (most recent call last):
  File "/Users/aicommander/CascadeProjects/toolcalc/scripts/seo/.venv/lib/python3.9/site-packages/telebot/__init__.py", line 1234, in __threaded_polling
    polling_thread.raise_exceptions()
  File "/Users/aicommander/CascadeProjects/toolcalc/scripts/seo/.venv/lib/python3.9/site-packages/telebot/util.py", line 115, in raise_exceptions
    raise self.exception_info
  File "/Users/aicommander/CascadeProjects/toolcalc/scripts/seo/.venv/lib/python3.9/site-packages/telebot/util.py", line 97, in run
    task(*args, **kwargs)
  File "/Users/aicommander/CascadeProjects/toolcalc/scripts/seo/.venv/lib/python3.9/site-packages/telebot/__init__.py", line 688, in __retrieve_updates
    updates = self.get_updates(offset=(self.last_update_id + 1),
  File "/Users/aicommander/CascadeProjects/toolcalc/scripts/seo/.venv/lib/python3.9/site-packages/telebot/__init__.py", line 660, in get_updates
    json_updates = apihelper.get_updates(
  File "/Users/aicommander/CascadeProjects/toolcalc/scripts/seo/.venv/lib/python3.9/site-packages/telebot/apihelper.py", line 339, in get_updates
    return _make_request(token, method_url, params=payload)
  File "/Users/aicommander/CascadeProjects/toolcalc/scripts/seo/.venv/lib/python3.9/site-packages/telebot/apihelper.py", line 168, in _make_request
    json_result = _check_result(method_name, result)
  File "/Users/aicommander/CascadeProjects/toolcalc/scripts/seo/.venv/lib/python3.9/site-packages/telebot/apihelper.py", line 197, in _check_result
    raise ApiTelegramException(method_name, result, result_json)
telebot.apihelper.ApiTelegramException: A request to the Telegram API was unsuccessful. Error code: 409. Description: Conflict: terminated by other getUpdates request; make sure that only one bot instance is running
"
2026-07-20 20:58:01,255 (__init__.py:1241 MainThread) ERROR - TeleBot: "Threaded polling exception: A request to the Telegram API was unsuccessful. Error code: 409. Description: Conflict: terminated by other getUpdates request; make sure that only one bot instance is running"
2026-07-20 20:58:01,257 (__init__.py:1243 MainThread) ERROR - TeleBot: "Exception traceback:
Traceback (most recent call last):
  File "/Users/aicommander/CascadeProjects/toolcalc/scripts/seo/.venv/lib/python3.9/site-packages/telebot/__init__.py", line 1234, in __threaded_polling
    polling_thread.raise_exceptions()
  File "/Users/aicommander/CascadeProjects/toolcalc/scripts/seo/.venv/lib/python3.9/site-packages/telebot/util.py", line 115, in raise_exceptions
    raise self.exception_info
  File "/Users/aicommander/CascadeProjects/toolcalc/scripts/seo/.venv/lib/python3.9/site-packages/telebot/util.py", line 97, in run
    task(*args, **kwargs)
  File "/Users/aicommander/CascadeProjects/toolcalc/scripts/seo/.venv/lib/python3.9/site-packages/telebot/__init__.py", line 688, in __retrieve_updates
    updates = self.get_updates(offset=(self.last_update_id + 1),
  File "/Users/aicommander/CascadeProjects/toolcalc/scripts/seo/.venv/lib/python3.9/site-packages/telebot/__init__.py", line 660, in get_updates
    json_updates = apihelper.get_updates(
  File "/Users/aicommander/CascadeProjects/toolcalc/scripts/seo/.venv/lib/python3.9/site-packages/telebot/apihelper.py", line 339, in get_updates
    return _make_request(token, method_url, params=payload)
  File "/Users/aicommander/CascadeProjects/toolcalc/scripts/seo/.venv/lib/python3.9/site-packages/telebot/apihelper.py", line 168, in _make_request
    json_result = _check_result(method_name, result)
  File "/Users/aicommander/CascadeProjects/toolcalc/scripts/seo/.venv/lib/python3.9/site-packages/telebot/apihelper.py", line 197, in _check_result
    raise ApiTelegramException(method_name, result, result_json)
telebot.apihelper.ApiTelegramException: A request to the Telegram API was unsuccessful. Error code: 409. Description: Conflict: terminated by other getUpdates request; make sure that only one bot instance is running
"
/Users/aicommander/CascadeProjects/toolcalc/scripts/seo/.venv/lib/python3.9/site-packages/urllib3/__init__.py:35: NotOpenSSLWarning: urllib3 v2 only supports OpenSSL 1.1.1+, currently the 'ssl' module is compiled with 'LibreSSL 2.8.3'. See: https://github.com/urllib3/urllib3/issues/3020
  warnings.warn(
2026-07-20 20:58:08,781 (__init__.py:1241 MainThread) ERROR - TeleBot: "Threaded polling exception: A request to the Telegram API was unsuccessful. Error code: 409. Description: Conflict: terminated by other getUpdates request; make sure that only one bot instance is running"
2026-07-20 20:58:08,781 (__init__.py:1243 MainThread) ERROR - TeleBot: "Exception traceback:
Traceback (most recent call last):
  File "/Users/aicommander/CascadeProjects/toolcalc/scripts/seo/.venv/lib/python3.9/site-packages/telebot/__init__.py", line 1234, in __threaded_polling
    polling_thread.raise_exceptions()
  File "/Users/aicommander/CascadeProjects/toolcalc/scripts/seo/.venv/lib/python3.9/site-packages/telebot/util.py", line 115, in raise_exceptions
    raise self.exception_info
  File "/Users/aicommander/CascadeProjects/toolcalc/scripts/seo/.venv/lib/python3.9/site-packages/telebot/util.py", line 97, in run
    task(*args, **kwargs)
  File "/Users/aicommander/CascadeProjects/toolcalc/scripts/seo/.venv/lib/python3.9/site-packages/telebot/__init__.py", line 688, in __retrieve_updates
    updates = self.get_updates(offset=(self.last_update_id + 1),
  File "/Users/aicommander/CascadeProjects/toolcalc/scripts/seo/.venv/lib/python3.9/site-packages/telebot/__init__.py", line 660, in get_updates
    json_updates = apihelper.get_updates(
  File "/Users/aicommander/CascadeProjects/toolcalc/scripts/seo/.venv/lib/python3.9/site-packages/telebot/apihelper.py", line 339, in get_updates
    return _make_request(token, method_url, params=payload)
  File "/Users/aicommander/CascadeProjects/toolcalc/scripts/seo/.venv/lib/python3.9/site-packages/telebot/apihelper.py", line 168, in _make_request
    json_result = _check_result(method_name, result)
  File "/Users/aicommander/CascadeProjects/toolcalc/scripts/seo/.venv/lib/python3.9/site-packages/telebot/apihelper.py", line 197, in _check_result
    raise ApiTelegramException(method_name, result, result_json)
telebot.apihelper.ApiTelegramException: A request to the Telegram API was unsuccessful. Error code: 409. Description: Conflict: terminated by other getUpdates request; make sure that only one bot instance is running
"
2026-07-20 20:58:13,549 (__init__.py:1241 MainThread) ERROR - TeleBot: "Threaded polling exception: A request to the Telegram API was unsuccessful. Error code: 409. Description: Conflict: terminated by other getUpdates request; make sure that only one bot instance is running"
2026-07-20 20:58:13,549 (__init__.py:1243 MainThread) ERROR - TeleBot: "Exception traceback:
Traceback (most recent call last):
  File "/Users/aicommander/CascadeProjects/toolcalc/scripts/seo/.venv/lib/python3.9/site-packages/telebot/__init__.py", line 1234, in __threaded_polling
    polling_thread.raise_exceptions()
  File "/Users/aicommander/CascadeProjects/toolcalc/scripts/seo/.venv/lib/python3.9/site-packages/telebot/util.py", line 115, in raise_exceptions
    raise self.exception_info
  File "/Users/aicommander/CascadeProjects/toolcalc/scripts/seo/.venv/lib/python3.9/site-packages/telebot/util.py", line 97, in run
    task(*args, **kwargs)
  File "/Users/aicommander/CascadeProjects/toolcalc/scripts/seo/.venv/lib/python3.9/site-packages/telebot/__init__.py", line 688, in __retrieve_updates
    updates = self.get_updates(offset=(self.last_update_id + 1),
  File "/Users/aicommander/CascadeProjects/toolcalc/scripts/seo/.venv/lib/python3.9/site-packages/telebot/__init__.py", line 660, in get_updates
    json_updates = apihelper.get_updates(
  File "/Users/aicommander/CascadeProjects/toolcalc/scripts/seo/.venv/lib/python3.9/site-packages/telebot/apihelper.py", line 339, in get_updates
    return _make_request(token, method_url, params=payload)
  File "/Users/aicommander/CascadeProjects/toolcalc/scripts/seo/.venv/lib/python3.9/site-packages/telebot/apihelper.py", line 168, in _make_request
    json_result = _check_result(method_name, result)
  File "/Users/aicommander/CascadeProjects/toolcalc/scripts/seo/.venv/lib/python3.9/site-packages/telebot/apihelper.py", line 197, in _check_result
    raise ApiTelegramException(method_name, result, result_json)
telebot.apihelper.ApiTelegramException: A request to the Telegram API was unsuccessful. Error code: 409. Description: Conflict: terminated by other getUpdates request; make sure that only one bot instance is running
"
2026-07-20 20:58:19,564 (__init__.py:1241 MainThread) ERROR - TeleBot: "Threaded polling exception: A request to the Telegram API was unsuccessful. Error code: 409. Description: Conflict: terminated by other getUpdates request; make sure that only one bot instance is running"
2026-07-20 20:58:19,565 (__init__.py:1243 MainThread) ERROR - TeleBot: "Exception traceback:
Traceback (most recent call last):
  File "/Users/aicommander/CascadeProjects/toolcalc/scripts/seo/.venv/lib/python3.9/site-packages/telebot/__init__.py", line 1234, in __threaded_polling
    polling_thread.raise_exceptions()
  File "/Users/aicommander/CascadeProjects/toolcalc/scripts/seo/.venv/lib/python3.9/site-packages/telebot/util.py", line 115, in raise_exceptions
    raise self.exception_info
  File "/Users/aicommander/CascadeProjects/toolcalc/scripts/seo/.venv/lib/python3.9/site-packages/telebot/util.py", line 97, in run
    task(*args, **kwargs)
  File "/Users/aicommander/CascadeProjects/toolcalc/scripts/seo/.venv/lib/python3.9/site-packages/telebot/__init__.py", line 688, in __retrieve_updates
    updates = self.get_updates(offset=(self.last_update_id + 1),
  File "/Users/aicommander/CascadeProjects/toolcalc/scripts/seo/.venv/lib/python3.9/site-packages/telebot/__init__.py", line 660, in get_updates
    json_updates = apihelper.get_updates(
  File "/Users/aicommander/CascadeProjects/toolcalc/scripts/seo/.venv/lib/python3.9/site-packages/telebot/apihelper.py", line 339, in get_updates
    return _make_request(token, method_url, params=payload)
  File "/Users/aicommander/CascadeProjects/toolcalc/scripts/seo/.venv/lib/python3.9/site-packages/telebot/apihelper.py", line 168, in _make_request
    json_result = _check_result(method_name, result)
  File "/Users/aicommander/CascadeProjects/toolcalc/scripts/seo/.venv/lib/python3.9/site-packages/telebot/apihelper.py", line 197, in _check_result
    raise ApiTelegramException(method_name, result, result_json)
telebot.apihelper.ApiTelegramException: A request to the Telegram API was unsuccessful. Error code: 409. Description: Conflict: terminated by other getUpdates request; make sure that only one bot instance is running
"
2026-07-20 20:58:25,067 (__init__.py:1241 MainThread) ERROR - TeleBot: "Threaded polling exception: A request to the Telegram API was unsuccessful. Error code: 409. Description: Conflict: terminated by other getUpdates request; make sure that only one bot instance is running"
2026-07-20 20:58:25,068 (__init__.py:1243 MainThread) ERROR - TeleBot: "Exception traceback:
Traceback (most recent call last):
  File "/Users/aicommander/CascadeProjects/toolcalc/scripts/seo/.venv/lib/python3.9/site-packages/telebot/__init__.py", line 1234, in __threaded_polling
    polling_thread.raise_exceptions()
  File "/Users/aicommander/CascadeProjects/toolcalc/scripts/seo/.venv/lib/python3.9/site-packages/telebot/util.py", line 115, in raise_exceptions
    raise self.exception_info
  File "/Users/aicommander/CascadeProjects/toolcalc/scripts/seo/.venv/lib/python3.9/site-packages/telebot/util.py", line 97, in run
    task(*args, **kwargs)
  File "/Users/aicommander/CascadeProjects/toolcalc/scripts/seo/.venv/lib/python3.9/site-packages/telebot/__init__.py", line 688, in __retrieve_updates
    updates = self.get_updates(offset=(self.last_update_id + 1),
  File "/Users/aicommander/CascadeProjects/toolcalc/scripts/seo/.venv/lib/python3.9/site-packages/telebot/__init__.py", line 660, in get_updates
    json_updates = apihelper.get_updates(
  File "/Users/aicommander/CascadeProjects/toolcalc/scripts/seo/.venv/lib/python3.9/site-packages/telebot/apihelper.py", line 339, in get_updates
    return _make_request(token, method_url, params=payload)
  File "/Users/aicommander/CascadeProjects/toolcalc/scripts/seo/.venv/lib/python3.9/site-packages/telebot/apihelper.py", line 168, in _make_request
    json_result = _check_result(method_name, result)
  File "/Users/aicommander/CascadeProjects/toolcalc/scripts/seo/.venv/lib/python3.9/site-packages/telebot/apihelper.py", line 197, in _check_result
    raise ApiTelegramException(method_name, result, result_json)
telebot.apihelper.ApiTelegramException: A request to the Telegram API was unsuccessful. Error code: 409. Description: Conflict: terminated by other getUpdates request; make sure that only one bot instance is running
"
2026-07-20 20:58:38,594 (__init__.py:1241 MainThread) ERROR - TeleBot: "Threaded polling exception: A request to the Telegram API was unsuccessful. Error code: 409. Description: Conflict: terminated by other getUpdates request; make sure that only one bot instance is running"
2026-07-20 20:58:38,595 (__init__.py:1243 MainThread) ERROR - TeleBot: "Exception traceback:
Traceback (most recent call last):
  File "/Users/aicommander/CascadeProjects/toolcalc/scripts/seo/.venv/lib/python3.9/site-packages/telebot/__init__.py", line 1234, in __threaded_polling
    polling_thread.raise_exceptions()
  File "/Users/aicommander/CascadeProjects/toolcalc/scripts/seo/.venv/lib/python3.9/site-packages/telebot/util.py", line 115, in raise_exceptions
    raise self.exception_info
  File "/Users/aicommander/CascadeProjects/toolcalc/scripts/seo/.venv/lib/python3.9/site-packages/telebot/util.py", line 97, in run
    task(*args, **kwargs)
  File "/Users/aicommander/CascadeProjects/toolcalc/scripts/seo/.venv/lib/python3.9/site-packages/telebot/__init__.py", line 688, in __retrieve_updates
    updates = self.get_updates(offset=(self.last_update_id + 1),
  File "/Users/aicommander/CascadeProjects/toolcalc/scripts/seo/.venv/lib/python3.9/site-packages/telebot/__init__.py", line 660, in get_updates
    json_updates = apihelper.get_updates(
  File "/Users/aicommander/CascadeProjects/toolcalc/scripts/seo/.venv/lib/python3.9/site-packages/telebot/apihelper.py", line 339, in get_updates
    return _make_request(token, method_url, params=payload)
  File "/Users/aicommander/CascadeProjects/toolcalc/scripts/seo/.venv/lib/python3.9/site-packages/telebot/apihelper.py", line 168, in _make_request
    json_result = _check_result(method_name, result)
  File "/Users/aicommander/CascadeProjects/toolcalc/scripts/seo/.venv/lib/python3.9/site-packages/telebot/apihelper.py", line 197, in _check_result
    raise ApiTelegramException(method_name, result, result_json)
telebot.apihelper.ApiTelegramException: A request to the Telegram API was unsuccessful. Error code: 409. Description: Conflict: terminated by other getUpdates request; make sure that only one bot instance is running
"
2026-07-20 20:58:59,148 (__init__.py:1241 MainThread) ERROR - TeleBot: "Threaded polling exception: A request to the Telegram API was unsuccessful. Error code: 409. Description: Conflict: terminated by other getUpdates request; make sure that only one bot instance is running"
2026-07-20 20:58:59,149 (__init__.py:1243 MainThread) ERROR - TeleBot: "Exception traceback:
Traceback (most recent call last):
  File "/Users/aicommander/CascadeProjects/toolcalc/scripts/seo/.venv/lib/python3.9/site-packages/telebot/__init__.py", line 1234, in __threaded_polling
    polling_thread.raise_exceptions()
  File "/Users/aicommander/CascadeProjects/toolcalc/scripts/seo/.venv/lib/python3.9/site-packages/telebot/util.py", line 115, in raise_exceptions
    raise self.exception_info
  File "/Users/aicommander/CascadeProjects/toolcalc/scripts/seo/.venv/lib/python3.9/site-packages/telebot/util.py", line 97, in run
    task(*args, **kwargs)
  File "/Users/aicommander/CascadeProjects/toolcalc/scripts/seo/.venv/lib/python3.9/site-packages/telebot/__init__.py", line 688, in __retrieve_updates
    updates = self.get_updates(offset=(self.last_update_id + 1),
  File "/Users/aicommander/CascadeProjects/toolcalc/scripts/seo/.venv/lib/python3.9/site-packages/telebot/__init__.py", line 660, in get_updates
    json_updates = apihelper.get_updates(
  File "/Users/aicommander/CascadeProjects/toolcalc/scripts/seo/.venv/lib/python3.9/site-packages/telebot/apihelper.py", line 339, in get_updates
    return _make_request(token, method_url, params=payload)
  File "/Users/aicommander/CascadeProjects/toolcalc/scripts/seo/.venv/lib/python3.9/site-packages/telebot/apihelper.py", line 168, in _make_request
    json_result = _check_result(method_name, result)
  File "/Users/aicommander/CascadeProjects/toolcalc/scripts/seo/.venv/lib/python3.9/site-packages/telebot/apihelper.py", line 197, in _check_result
    raise ApiTelegramException(method_name, result, result_json)
telebot.apihelper.ApiTelegramException: A request to the Telegram API was unsuccessful. Error code: 409. Description: Conflict: terminated by other getUpdates request; make sure that only one bot instance is running
"
2026-07-20 20:59:39,668 (__init__.py:1241 MainThread) ERROR - TeleBot: "Threaded polling exception: A request to the Telegram API was unsuccessful. Error code: 409. Description: Conflict: terminated by other getUpdates request; make sure that only one bot instance is running"
2026-07-20 20:59:39,722 (__init__.py:1243 MainThread) ERROR - TeleBot: "Exception traceback:
Traceback (most recent call last):
  File "/Users/aicommander/CascadeProjects/toolcalc/scripts/seo/.venv/lib/python3.9/site-packages/telebot/__init__.py", line 1234, in __threaded_polling
    polling_thread.raise_exceptions()
  File "/Users/aicommander/CascadeProjects/toolcalc/scripts/seo/.venv/lib/python3.9/site-packages/telebot/util.py", line 115, in raise_exceptions
    raise self.exception_info
  File "/Users/aicommander/CascadeProjects/toolcalc/scripts/seo/.venv/lib/python3.9/site-packages/telebot/util.py", line 97, in run
    task(*args, **kwargs)
  File "/Users/aicommander/CascadeProjects/toolcalc/scripts/seo/.venv/lib/python3.9/site-packages/telebot/__init__.py", line 688, in __retrieve_updates
    updates = self.get_updates(offset=(self.last_update_id + 1),
  File "/Users/aicommander/CascadeProjects/toolcalc/scripts/seo/.venv/lib/python3.9/site-packages/telebot/__init__.py", line 660, in get_updates
    json_updates = apihelper.get_updates(
  File "/Users/aicommander/CascadeProjects/toolcalc/scripts/seo/.venv/lib/python3.9/site-packages/telebot/apihelper.py", line 339, in get_updates
    return _make_request(token, method_url, params=payload)
  File "/Users/aicommander/CascadeProjects/toolcalc/scripts/seo/.venv/lib/python3.9/site-packages/telebot/apihelper.py", line 168, in _make_request
    json_result = _check_result(method_name, result)
  File "/Users/aicommander/CascadeProjects/toolcalc/scripts/seo/.venv/lib/python3.9/site-packages/telebot/apihelper.py", line 197, in _check_result
    raise ApiTelegramException(method_name, result, result_json)
telebot.apihelper.ApiTelegramException: A request to the Telegram API was unsuccessful. Error code: 409. Description: Conflict: terminated by other getUpdates request; make sure that only one bot instance is running
"
2026-07-20 21:00:43,531 (__init__.py:1241 MainThread) ERROR - TeleBot: "Threaded polling exception: A request to the Telegram API was unsuccessful. Error code: 409. Description: Conflict: terminated by other getUpdates request; make sure that only one bot instance is running"
2026-07-20 21:00:43,532 (__init__.py:1243 MainThread) ERROR - TeleBot: "Exception traceback:
Traceback (most recent call last):
  File "/Users/aicommander/CascadeProjects/toolcalc/scripts/seo/.venv/lib/python3.9/site-packages/telebot/__init__.py", line 1234, in __threaded_polling
    polling_thread.raise_exceptions()
  File "/Users/aicommander/CascadeProjects/toolcalc/scripts/seo/.venv/lib/python3.9/site-packages/telebot/util.py", line 115, in raise_exceptions
    raise self.exception_info
  File "/Users/aicommander/CascadeProjects/toolcalc/scripts/seo/.venv/lib/python3.9/site-packages/telebot/util.py", line 97, in run
    task(*args, **kwargs)
  File "/Users/aicommander/CascadeProjects/toolcalc/scripts/seo/.venv/lib/python3.9/site-packages/telebot/__init__.py", line 688, in __retrieve_updates
    updates = self.get_updates(offset=(self.last_update_id + 1),
  File "/Users/aicommander/CascadeProjects/toolcalc/scripts/seo/.venv/lib/python3.9/site-packages/telebot/__init__.py", line 660, in get_updates
    json_updates = apihelper.get_updates(
  File "/Users/aicommander/CascadeProjects/toolcalc/scripts/seo/.venv/lib/python3.9/site-packages/telebot/apihelper.py", line 339, in get_updates
    return _make_request(token, method_url, params=payload)
  File "/Users/aicommander/CascadeProjects/toolcalc/scripts/seo/.venv/lib/python3.9/site-packages/telebot/apihelper.py", line 168, in _make_request
    json_result = _check_result(method_name, result)
  File "/Users/aicommander/CascadeProjects/toolcalc/scripts/seo/.venv/lib/python3.9/site-packages/telebot/apihelper.py", line 197, in _check_result
    raise ApiTelegramException(method_name, result, result_json)
telebot.apihelper.ApiTelegramException: A request to the Telegram API was unsuccessful. Error code: 409. Description: Conflict: terminated by other getUpdates request; make sure that only one bot instance is running
"
2026-07-20 21:01:47,342 (__init__.py:1241 MainThread) ERROR - TeleBot: "Threaded polling exception: A request to the Telegram API was unsuccessful. Error code: 409. Description: Conflict: terminated by other getUpdates request; make sure that only one bot instance is running"
2026-07-20 21:01:47,343 (__init__.py:1243 MainThread) ERROR - TeleBot: "Exception traceback:
Traceback (most recent call last):
  File "/Users/aicommander/CascadeProjects/toolcalc/scripts/seo/.venv/lib/python3.9/site-packages/telebot/__init__.py", line 1234, in __threaded_polling
    polling_thread.raise_exceptions()
  File "/Users/aicommander/CascadeProjects/toolcalc/scripts/seo/.venv/lib/python3.9/site-packages/telebot/util.py", line 115, in raise_exceptions
    raise self.exception_info
  File "/Users/aicommander/CascadeProjects/toolcalc/scripts/seo/.venv/lib/python3.9/site-packages/telebot/util.py", line 97, in run
    task(*args, **kwargs)
  File "/Users/aicommander/CascadeProjects/toolcalc/scripts/seo/.venv/lib/python3.9/site-packages/telebot/__init__.py", line 688, in __retrieve_updates
    updates = self.get_updates(offset=(self.last_update_id + 1),
  File "/Users/aicommander/CascadeProjects/toolcalc/scripts/seo/.venv/lib/python3.9/site-packages/telebot/__init__.py", line 660, in get_updates
    json_updates = apihelper.get_updates(
  File "/Users/aicommander/CascadeProjects/toolcalc/scripts/seo/.venv/lib/python3.9/site-packages/telebot/apihelper.py", line 339, in get_updates
    return _make_request(token, method_url, params=payload)
  File "/Users/aicommander/CascadeProjects/toolcalc/scripts/seo/.venv/lib/python3.9/site-packages/telebot/apihelper.py", line 168, in _make_request
    json_result = _check_result(method_name, result)
  File "/Users/aicommander/CascadeProjects/toolcalc/scripts/seo/.venv/lib/python3.9/site-packages/telebot/apihelper.py", line 197, in _check_result
    raise ApiTelegramException(method_name, result, result_json)
telebot.apihelper.ApiTelegramException: A request to the Telegram API was unsuccessful. Error code: 409. Description: Conflict: terminated by other getUpdates request; make sure that only one bot instance is running
"
2026-07-20 21:02:51,124 (__init__.py:1241 MainThread) ERROR - TeleBot: "Threaded polling exception: A request to the Telegram API was unsuccessful. Error code: 409. Description: Conflict: terminated by other getUpdates request; make sure that only one bot instance is running"
2026-07-20 21:02:51,125 (__init__.py:1243 MainThread) ERROR - TeleBot: "Exception traceback:
Traceback (most recent call last):
  File "/Users/aicommander/CascadeProjects/toolcalc/scripts/seo/.venv/lib/python3.9/site-packages/telebot/__init__.py", line 1234, in __threaded_polling
    polling_thread.raise_exceptions()
  File "/Users/aicommander/CascadeProjects/toolcalc/scripts/seo/.venv/lib/python3.9/site-packages/telebot/util.py", line 115, in raise_exceptions
    raise self.exception_info
  File "/Users/aicommander/CascadeProjects/toolcalc/scripts/seo/.venv/lib/python3.9/site-packages/telebot/util.py", line 97, in run
    task(*args, **kwargs)
  File "/Users/aicommander/CascadeProjects/toolcalc/scripts/seo/.venv/lib/python3.9/site-packages/telebot/__init__.py", line 688, in __retrieve_updates
    updates = self.get_updates(offset=(self.last_update_id + 1),
  File "/Users/aicommander/CascadeProjects/toolcalc/scripts/seo/.venv/lib/python3.9/site-packages/telebot/__init__.py", line 660, in get_updates
    json_updates = apihelper.get_updates(
  File "/Users/aicommander/CascadeProjects/toolcalc/scripts/seo/.venv/lib/python3.9/site-packages/telebot/apihelper.py", line 339, in get_updates
    return _make_request(token, method_url, params=payload)
  File "/Users/aicommander/CascadeProjects/toolcalc/scripts/seo/.venv/lib/python3.9/site-packages/telebot/apihelper.py", line 168, in _make_request
    json_result = _check_result(method_name, result)
  File "/Users/aicommander/CascadeProjects/toolcalc/scripts/seo/.venv/lib/python3.9/site-packages/telebot/apihelper.py", line 197, in _check_result
    raise ApiTelegramException(method_name, result, result_json)
telebot.apihelper.ApiTelegramException: A request to the Telegram API was unsuccessful. Error code: 409. Description: Conflict: terminated by other getUpdates request; make sure that only one bot instance is running
"
2026-07-20 21:03:54,907 (__init__.py:1241 MainThread) ERROR - TeleBot: "Threaded polling exception: A request to the Telegram API was unsuccessful. Error code: 409. Description: Conflict: terminated by other getUpdates request; make sure that only one bot instance is running"
2026-07-20 21:03:54,909 (__init__.py:1243 MainThread) ERROR - TeleBot: "Exception traceback:
Traceback (most recent call last):
  File "/Users/aicommander/CascadeProjects/toolcalc/scripts/seo/.venv/lib/python3.9/site-packages/telebot/__init__.py", line 1234, in __threaded_polling
    polling_thread.raise_exceptions()
  File "/Users/aicommander/CascadeProjects/toolcalc/scripts/seo/.venv/lib/python3.9/site-packages/telebot/util.py", line 115, in raise_exceptions
    raise self.exception_info
  File "/Users/aicommander/CascadeProjects/toolcalc/scripts/seo/.venv/lib/python3.9/site-packages/telebot/util.py", line 97, in run
    task(*args, **kwargs)
  File "/Users/aicommander/CascadeProjects/toolcalc/scripts/seo/.venv/lib/python3.9/site-packages/telebot/__init__.py", line 688, in __retrieve_updates
    updates = self.get_updates(offset=(self.last_update_id + 1),
  File "/Users/aicommander/CascadeProjects/toolcalc/scripts/seo/.venv/lib/python3.9/site-packages/telebot/__init__.py", line 660, in get_updates
    json_updates = apihelper.get_updates(
  File "/Users/aicommander/CascadeProjects/toolcalc/scripts/seo/.venv/lib/python3.9/site-packages/telebot/apihelper.py", line 339, in get_updates
    return _make_request(token, method_url, params=payload)
  File "/Users/aicommander/CascadeProjects/toolcalc/scripts/seo/.venv/lib/python3.9/site-packages/telebot/apihelper.py", line 168, in _make_request
    json_result = _check_result(method_name, result)
  File "/Users/aicommander/CascadeProjects/toolcalc/scripts/seo/.venv/lib/python3.9/site-packages/telebot/apihelper.py", line 197, in _check_result
    raise ApiTelegramException(method_name, result, result_json)
telebot.apihelper.ApiTelegramException: A request to the Telegram API was unsuccessful. Error code: 409. Description: Conflict: terminated by other getUpdates request; make sure that only one bot instance is running
"
2026-07-20 21:04:59,176 (__init__.py:1241 MainThread) ERROR - TeleBot: "Threaded polling exception: A request to the Telegram API was unsuccessful. Error code: 409. Description: Conflict: terminated by other getUpdates request; make sure that only one bot instance is running"
2026-07-20 21:04:59,177 (__init__.py:1243 MainThread) ERROR - TeleBot: "Exception traceback:
Traceback (most recent call last):
  File "/Users/aicommander/CascadeProjects/toolcalc/scripts/seo/.venv/lib/python3.9/site-packages/telebot/__init__.py", line 1234, in __threaded_polling
    polling_thread.raise_exceptions()
  File "/Users/aicommander/CascadeProjects/toolcalc/scripts/seo/.venv/lib/python3.9/site-packages/telebot/util.py", line 115, in raise_exceptions
    raise self.exception_info
  File "/Users/aicommander/CascadeProjects/toolcalc/scripts/seo/.venv/lib/python3.9/site-packages/telebot/util.py", line 97, in run
    task(*args, **kwargs)
  File "/Users/aicommander/CascadeProjects/toolcalc/scripts/seo/.venv/lib/python3.9/site-packages/telebot/__init__.py", line 688, in __retrieve_updates
    updates = self.get_updates(offset=(self.last_update_id + 1),
  File "/Users/aicommander/CascadeProjects/toolcalc/scripts/seo/.venv/lib/python3.9/site-packages/telebot/__init__.py", line 660, in get_updates
    json_updates = apihelper.get_updates(
  File "/Users/aicommander/CascadeProjects/toolcalc/scripts/seo/.venv/lib/python3.9/site-packages/telebot/apihelper.py", line 339, in get_updates
    return _make_request(token, method_url, params=payload)
  File "/Users/aicommander/CascadeProjects/toolcalc/scripts/seo/.venv/lib/python3.9/site-packages/telebot/apihelper.py", line 168, in _make_request
    json_result = _check_result(method_name, result)
  File "/Users/aicommander/CascadeProjects/toolcalc/scripts/seo/.venv/lib/python3.9/site-packages/telebot/apihelper.py", line 197, in _check_result
    raise ApiTelegramException(method_name, result, result_json)
telebot.apihelper.ApiTelegramException: A request to the Telegram API was unsuccessful. Error code: 409. Description: Conflict: terminated by other getUpdates request; make sure that only one bot instance is running
"
2026-07-20 21:06:02,924 (__init__.py:1241 MainThread) ERROR - TeleBot: "Threaded polling exception: A request to the Telegram API was unsuccessful. Error code: 409. Description: Conflict: terminated by other getUpdates request; make sure that only one bot instance is running"
2026-07-20 21:06:02,925 (__init__.py:1243 MainThread) ERROR - TeleBot: "Exception traceback:
Traceback (most recent call last):
  File "/Users/aicommander/CascadeProjects/toolcalc/scripts/seo/.venv/lib/python3.9/site-packages/telebot/__init__.py", line 1234, in __threaded_polling
    polling_thread.raise_exceptions()
  File "/Users/aicommander/CascadeProjects/toolcalc/scripts/seo/.venv/lib/python3.9/site-packages/telebot/util.py", line 115, in raise_exceptions
    raise self.exception_info
  File "/Users/aicommander/CascadeProjects/toolcalc/scripts/seo/.venv/lib/python3.9/site-packages/telebot/util.py", line 97, in run
    task(*args, **kwargs)
  File "/Users/aicommander/CascadeProjects/toolcalc/scripts/seo/.venv/lib/python3.9/site-packages/telebot/__init__.py", line 688, in __retrieve_updates
    updates = self.get_updates(offset=(self.last_update_id + 1),
  File "/Users/aicommander/CascadeProjects/toolcalc/scripts/seo/.venv/lib/python3.9/site-packages/telebot/__init__.py", line 660, in get_updates
    json_updates = apihelper.get_updates(
  File "/Users/aicommander/CascadeProjects/toolcalc/scripts/seo/.venv/lib/python3.9/site-packages/telebot/apihelper.py", line 339, in get_updates
    return _make_request(token, method_url, params=payload)
  File "/Users/aicommander/CascadeProjects/toolcalc/scripts/seo/.venv/lib/python3.9/site-packages/telebot/apihelper.py", line 168, in _make_request
    json_result = _check_result(method_name, result)
  File "/Users/aicommander/CascadeProjects/toolcalc/scripts/seo/.venv/lib/python3.9/site-packages/telebot/apihelper.py", line 197, in _check_result
    raise ApiTelegramException(method_name, result, result_json)
telebot.apihelper.ApiTelegramException: A request to the Telegram API was unsuccessful. Error code: 409. Description: Conflict: terminated by other getUpdates request; make sure that only one bot instance is running
"
2026-07-20 21:07:06,662 (__init__.py:1241 MainThread) ERROR - TeleBot: "Threaded polling exception: A request to the Telegram API was unsuccessful. Error code: 409. Description: Conflict: terminated by other getUpdates request; make sure that only one bot instance is running"
2026-07-20 21:07:06,664 (__init__.py:1243 MainThread) ERROR - TeleBot: "Exception traceback:
Traceback (most recent call last):
  File "/Users/aicommander/CascadeProjects/toolcalc/scripts/seo/.venv/lib/python3.9/site-packages/telebot/__init__.py", line 1234, in __threaded_polling
    polling_thread.raise_exceptions()
  File "/Users/aicommander/CascadeProjects/toolcalc/scripts/seo/.venv/lib/python3.9/site-packages/telebot/util.py", line 115, in raise_exceptions
    raise self.exception_info
  File "/Users/aicommander/CascadeProjects/toolcalc/scripts/seo/.venv/lib/python3.9/site-packages/telebot/util.py", line 97, in run
    task(*args, **kwargs)
  File "/Users/aicommander/CascadeProjects/toolcalc/scripts/seo/.venv/lib/python3.9/site-packages/telebot/__init__.py", line 688, in __retrieve_updates
    updates = self.get_updates(offset=(self.last_update_id + 1),
  File "/Users/aicommander/CascadeProjects/toolcalc/scripts/seo/.venv/lib/python3.9/site-packages/telebot/__init__.py", line 660, in get_updates
    json_updates = apihelper.get_updates(
  File "/Users/aicommander/CascadeProjects/toolcalc/scripts/seo/.venv/lib/python3.9/site-packages/telebot/apihelper.py", line 339, in get_updates
    return _make_request(token, method_url, params=payload)
  File "/Users/aicommander/CascadeProjects/toolcalc/scripts/seo/.venv/lib/python3.9/site-packages/telebot/apihelper.py", line 168, in _make_request
    json_result = _check_result(method_name, result)
  File "/Users/aicommander/CascadeProjects/toolcalc/scripts/seo/.venv/lib/python3.9/site-packages/telebot/apihelper.py", line 197, in _check_result
    raise ApiTelegramException(method_name, result, result_json)
telebot.apihelper.ApiTelegramException: A request to the Telegram API was unsuccessful. Error code: 409. Description: Conflict: terminated by other getUpdates request; make sure that only one bot instance is running
"
/Users/aicommander/CascadeProjects/toolcalc/scripts/seo/.venv/lib/python3.9/site-packages/urllib3/__init__.py:35: NotOpenSSLWarning: urllib3 v2 only supports OpenSSL 1.1.1+, currently the 'ssl' module is compiled with 'LibreSSL 2.8.3'. See: https://github.com/urllib3/urllib3/issues/3020
  warnings.warn(
2026-07-20 21:08:10,443 (__init__.py:1241 MainThread) ERROR - TeleBot: "Threaded polling exception: A request to the Telegram API was unsuccessful. Error code: 409. Description: Conflict: terminated by other getUpdates request; make sure that only one bot instance is running"
2026-07-20 21:08:10,445 (__init__.py:1243 MainThread) ERROR - TeleBot: "Exception traceback:
Traceback (most recent call last):
  File "/Users/aicommander/CascadeProjects/toolcalc/scripts/seo/.venv/lib/python3.9/site-packages/telebot/__init__.py", line 1234, in __threaded_polling
    polling_thread.raise_exceptions()
  File "/Users/aicommander/CascadeProjects/toolcalc/scripts/seo/.venv/lib/python3.9/site-packages/telebot/util.py", line 115, in raise_exceptions
    raise self.exception_info
  File "/Users/aicommander/CascadeProjects/toolcalc/scripts/seo/.venv/lib/python3.9/site-packages/telebot/util.py", line 97, in run
    task(*args, **kwargs)
  File "/Users/aicommander/CascadeProjects/toolcalc/scripts/seo/.venv/lib/python3.9/site-packages/telebot/__init__.py", line 688, in __retrieve_updates
    updates = self.get_updates(offset=(self.last_update_id + 1),
  File "/Users/aicommander/CascadeProjects/toolcalc/scripts/seo/.venv/lib/python3.9/site-packages/telebot/__init__.py", line 660, in get_updates
    json_updates = apihelper.get_updates(
  File "/Users/aicommander/CascadeProjects/toolcalc/scripts/seo/.venv/lib/python3.9/site-packages/telebot/apihelper.py", line 339, in get_updates
    return _make_request(token, method_url, params=payload)
  File "/Users/aicommander/CascadeProjects/toolcalc/scripts/seo/.venv/lib/python3.9/site-packages/telebot/apihelper.py", line 168, in _make_request
    json_result = _check_result(method_name, result)
  File "/Users/aicommander/CascadeProjects/toolcalc/scripts/seo/.venv/lib/python3.9/site-packages/telebot/apihelper.py", line 197, in _check_result
    raise ApiTelegramException(method_name, result, result_json)
telebot.apihelper.ApiTelegramException: A request to the Telegram API was unsuccessful. Error code: 409. Description: Conflict: terminated by other getUpdates request; make sure that only one bot instance is running
"
